map_data="Gg, Gg, Wo, Wo, Wo, Ss, Ss, Gg, Ss, Ss, Ss, Gg, Ss, Xv, Gg, Xv, Gg, Xv, Gg, Xv, Gg, Xv, Gg, Xv, Gg, Xv, Gg, Xv, Xv, Xv, Xv, Xv, Xv, Xv, Xv, Xv, Xv, Xv, Xv, Xv, Xv, Xv, Xv, Xv, Xv, Xv, Xv, Xv, Xv, Xv, Xv, Xv, Xv, Xv, Xv, Xv, Xv, Xv, Xv, Xv, Xv, Xv
Rr, Gg, Gg, Wo, Gg, Wo^Ewl, Wo, Ss, Ss, Wo^Ewf, Wo^Ewf, Ss, Ss, Gg, Gg, Gg, Gg, Gg, Wwf, Gll^Fmw, Gll^Fmw, Gg, Rp, Rp, Gll^Fmw, Wo, Gg, Gg, Xv, Xv, Xv, Xv, Xv, Xv, Xv, Xv, Xv, Xv, Xv, Xv, Xv, Xv, Xv, Xv, Xv, Xv, Xv, Xv, Xv, Xv, Xv, Xv, Xv, Xv, Xv, Xv, Xv, Xv, Xv, Xv, Xv, Xv
Gg, Rr, Ce, Gg, Gg, Gg^Efm, Gg, Wo, Wo, Wo^Ewl, Wo, Wo^Ewf, Wo, Ss, Wo, Ss, Ss, Wwf, Co, Wwf, Wwf, Rp, Gs^Vh, Gg, Gg, Wo, Gg, Gg^Efm, Xv, Xv, Xv, Xv, Xv, Xv, Xv, Xv, Xv, Xv, Xv, Xv, Xv, Xv, Xv, Xv, Xv, Xv, Xv, Xv, Xv, Xv, Xv, Xv, Xv, Xv, Xv, Xv, Xv, Xv, Xv, Xv, Xv, Xv
Gg, Ce, Ket, Ce, Rr, Gg, Gs^Vh, Gg, Gg, Wo, Wo, Wo, Wo, Wo, Ss^Vhs, Wo^Ewf, Wo, Co, Ko, Co, Wo, Gg, Gg, Gg, Gg, Wo, Gg, Gll^Fmw, Xv, Xv, Xv, Xv, Xv, Xv, Xv, Xv, Xv, Xv, Xv, Xv, Xv, Xv, Xv, Xv, Xv, Xv, Xv, Xv, Xv, Xv, Xv, Xv, Xv, Xv, Xv, Xv, Xv, Xv, Xv, Xv, Xv, Xv
Rr, Ce, Ce, Ce, Gg, Rr, Rr, Hh, Rr, Gg, Ds, Wo, Ds, Wo, Gg, Wo, Wwf, Co, Co, Co, Ss, Wo, Ww^Ewf, Gll^Fmw, Wo, Wo, Gg, Gg, Xv, Xv, Xv, Xv, Xv, Xv, Xv, Xv, Xv, Xv, Xv, Xv, Xv, Xv, Xv, Xv, Xv, Xv, Xv, Xv, Xv, Xv, Xv, Xv, Xv, Xv, Xv, Xv, Xv, Xv, Xv, Xv, Xv, Xv
Gg, Gg, Gg, Gg, Gg, Gg, Gg, Rr, Hh^Fms, Rr, Rr, Rr, Rr, Gg, Gg, Wwf, Wwf, Wwf, Wo, Wo^Bw|, Wwf, Ss, Ss^Vhs, Ss, Wo, Gg^Efm, Gg, Gll^Fmw, Gll^Fmw, Xv, Xv, Xv, Xv, Xv, Xv, Xv, Xv, Xv, Xv, Xv, Xv, Xv, Xv, Xv, Xv, Xv, Xv, Xv, Xv, Xv, Xv, Xv, Xv, Xv, Xv, Xv, Xv, Xv, Xv, Xv, Xv, Xv
Gg, Gg, Gs^Vh, Gg^Efm, Gg, Gg^Efm, Gg, Gg, Gg, Hh, Gg, Gg, Gg^Efm, Rr, Rr, Gg, Gg, Wo, Gg, Rp, Gg, Wwf, Wwf, Wo, Wo^Ewf, Gg^Efm, Gg, Gll^Fmw, Gg, Gg, Gg, Xv, Xv, Xv, Xv, Xv, Xv, Xv, Xv, Xv, Xv, Xv, Xv, Xv, Xv, Xv, Xv, Xv, Xv, Xv, Xv, Xv, Xv, Xv, Xv, Xv, Xv, Xv, Xv, Xv, Xv, Xv
Gg, Gg, Gg, Gg, Gg^Efm, Gg, Gs^Fms, Gg, Gg, Gg, Gs^Fms, Gg, Gg^Efm, Gg, Hh^Efm, Rr, Rr, Rr, Rr, Rp, Hh, Hh, Gg^Efm, Ds, Ds, Wo, Wo, Gg, Ss, Gg^Efm, Gg, Gll^Fmw, Gll^Fmw, Xv, Xv, Xv, Xv, Xv, Xv, Xv, Xv, Xv, Xv, Xv, Xv, Xv, Xv, Xv, Xv, Xv, Xv, Xv, Xv, Xv, Xv, Xv, Xv, Xv, Xv, Xv, Xv, Xv
Gg, Gg^Efm, Gg, Gg, Gs^Fms, Rp, Rp, Gs^Fms, Gs^Fms, Gs^Fms, Hh^Fms, Gs^Fms, Gs^Fms, Gg, Gg^Efm, Hh, Gg, Gg, Gs^Fms, Rr, Rr, Gg, Gg, Gg, Hh, Gg, Gg, Wo^Ewl, Wo, Ss, Wo^Ewf, Gg, Gg^Efm, Gg, Gg, Xv, Xv, Xv, Xv, Xv, Xv, Xv, Xv, Xv, Xv, Xv, Xv, Xv, Xv, Xv, Xv, Xv, Xv, Xv, Xv, Xv, Xv, Xv, Xv, Xv, Xv, Xv
Gg, Gs, Gs, Gs^Fms, Gs^Fms, Gs^Fms, Gs^Fms, Rp, Rp, Gs^Fms, Gs^Fms, Hh^Fms, Hh^Fms, Hh^Fms, Gg, Gg, Hh, Hh, Gs^Efm, Gg, Hh, Rr, Rr, Gg, Gg, Hh, Gg, Gg, Gg, Wo, Wo, Ss, Ss, Gg, Wo^Ewf, Gg, Gg, Xv, Xv, Xv, Xv, Xv, Xv, Xv, Xv, Xv, Xv, Xv, Xv, Xv, Xv, Xv, Xv, Xv, Xv, Xv, Xv, Xv, Xv, Xv, Xv, Xv
Gg, Gs, Gs, Gs^Fms, Gs^Fms, Gs^Fms, Gg^Fet, Gs^Fms, Rp, Gs^Fms, Gs^Fms, Gs^Fms, Gs^Fms, Gs^Fms, Hh^Fms, Hh^Fms, Gs^Fms, Gg, Gg, Gg, Gg^Em, Hh, Gg, Rr, Rr, Gg, Gg^Em, Gg^Em, Gg, Gg, Gs, Wo, Wo, Wo^Ewf, Ss, Wo^Ewf, Ss, Gg, Gg, Xv, Xv, Xv, Xv, Xv, Xv, Xv, Xv, Xv, Xv, Xv, Xv, Xv, Xv, Xv, Xv, Xv, Xv, Xv, Xv, Xv, Xv, Xv
Gg, Gg, Gs, Gs^Fms, Gs^Fms, Gs^Fms, Gs^Fms, Gs^Fms, Gs^Fms, Rp, Gs^Fms, Gs^Fms, Gg^Fet, Gs^Fms, Gs^Fms, Gs^Fms, Gs^Fms, Gg, Gs^Fms, Gg, Gg, Gg, Hh, Gg, Rr, Gg, Gg, Gg, Gg, Hhd, Hhd, Gs, Gg, Wo, Wo, Wo^Ewf, Wo, Wo, Gg^Efm, Gll^Fmw, Gll^Fmw, Xv, Xv, Xv, Xv, Xv, Xv, Xv, Xv, Xv, Xv, Xv, Xv, Xv, Xv, Xv, Xv, Xv, Xv, Xv, Xv, Xv
Gg, Gg, Gg, Gs^Fms, Gs^Fms, Gs^Vl, Gs^Fms, Gs^Fms, Gs^Fms, Rp, Rp, Gs^Fms, Gs^Fms, Gs^Fms, Hh^Fms, Gs^Vl, Gs^Fms, Gs^Fms, Gs^Fms, Gs^Fms, Gg, Gg^Em, Gg, Gg, Rr, Gg^Efm, Gs, Gs^Fms, Gs^Vh, Gs, Hh, Hhd, Gg, Gg, Gg^Efm, Wo, Wo, Wo, Ss, Gg, Gg, Gg, Gg, Xv, Xv, Xv, Xv, Xv, Xv, Xv, Xv, Xv, Xv, Xv, Xv, Xv, Xv, Xv, Xv, Xv, Xv, Xv
Gg, Gg^Efm, Gg^Efm, Gg, Gg, Gs^Fms, Gs^Fms, Gs^Fms, Gs^Fms, Gs^Fms, Gs^Fms, Rp, Rp, Gs^Fms, Gs^Fms, Hh^Fms, Gs^Fms, Hh^Fms, Gs^Fms, Gs^Fms, Gs^Fms, Gg, Hh, Gg, Rr, Gg^Efm, Gs, Gs, Gg, Gs^Fms, Gs^Efm, Hh, Gs, Gg, Gg, Gg, Gg, Wo, Wo, Wo, Wo, Gg, Gll^Fmw, Gll^Fmw, Gll^Fmw, Xv, Xv, Xv, Xv, Xv, Xv, Xv, Xv, Xv, Xv, Xv, Xv, Xv, Xv, Xv, Xv, Xv
Gg, Gg^Efm, Gg^Efm, Mm^Xm, Mm^Xm, Gs^Fms, Gs^Fms, Gg^Fet, Gs^Fms, Gs^Fms, Gs^Fms, Gs^Fms, Gs^Fms, Rp, Gs^Fms, Gs^Fms, Gs^Fms, Gs^Fms, Gg^Fet, Hh^Fms, Gs^Fms, Gg, Gg, Rr, Rr, Gs, Gs, Hh^Em, Hh, Gs, Gs, Gs, Hhd^Fms, Hh, Gg, Gg, Gg, Gg, Gg^Edb, Wo, Wo^Ewl, Gg, Gg, Gg, Gg, Gg^Efm, Gg, Xv, Xv, Xv, Xv, Xv, Xv, Xv, Xv, Xv, Xv, Xv, Xv, Xv, Xv, Xv
Gg, Gg^Efm, Gg^Efm, Gg^Efm, Gg, Mm^Xm, Mm^Xm, Gs^Fms, Gs^Fms, Gs^Fms, Gs^Fms, Gg^Fet, Gs^Fms, Rp, Rp, Gs^Fms, Gs^Fms, Gs^Fms, Gs^Fms, Hh^Fms, Gs^Fms, Gg, Gg^Em, Rr, Rr, Gs, Gs, Hhd, Gs, Gg, Hh, Gs^Efm, Gs, Gs^Fms, Gs, Hh^Em, Hh^Vh, Gg, Gg, Wo, Wo, Wo^Ewl, Wo, Gg, Gg, Ss, Gg, Gg, Gll^Fmw, Xv, Xv, Xv, Xv, Xv, Xv, Xv, Xv, Xv, Xv, Xv, Xv, Xv
Gg, Gg^Efm, Gg^Efm, Gg^Efm, Gg^Efm, Mm^Xm, Gg, Gg, Gg, Gs^Fms, Mm^Xm, Gs^Fms, Gs^Fms, Gs^Fms, Rd, Rp, Gs^Fms, Gs^Fms, Gs^Vl, Gs^Fms, Gs^Fms, Gg, Gg, Rr, Gg, Gg, Gg, Hhd, Gs, Hh^Fms, Gs, Gs, Gs, Hhd, Gs^Fms, Gs^Em, Gs, Gg, Gs, Gg, Gg, Wo, Wo^Ewl, Wo^Ewl, Wo, Ss, Gg, Gg, Gg, Gg, Gg, Xv, Xv, Xv, Xv, Xv, Xv, Xv, Xv, Xv, Xv, Xv
Gg, Mm^Xm, Mm^Xm, Mm^Xm, Mm^Xm, Mm^Xm, Mm^Xm, Mm^Xm, Mm^Xm, Mm^Xm, Gg, Mm^Xm, Gg, Gs^Fms, Gg^Efm, Rp, Rp, Gs^Fms, Gs^Fms, Gs^Fms, Gs, Gs, Gg^Efm, Rr, Gg, Hh, Gg, Gs, Gs, Hhd^Efm, Hhd, Gs^Fms, Gs, Gs, Hh^Fms, Hh, Hhd^Fms, Gs, Gs, Gs, Gg, Gg, Gg, Wo, Wo, Wo, Wo, Gg, Gg, Ss, Gg, Gg, Rp, Xv, Xv, Xv, Xv, Xv, Xv, Xv, Xv, Xv
Mm^Xm, Mm^Xm, Mm^Xm, Mm^Xm, Xv, Mm^Xm, Xv, Mm^Xm, Mm^Xm, Mm^Xm, Mm^Xm, Mm^Xm, Mm^Xm, Gg, Gg, Gg^Efm, Gg, Rp, Rp, Gg, Gg, Gs, Gg, Rr, Gg, Hh, Gg, Gs^Em, Gs, Gs, Gs^Em, Gs, Gs, Hh, Gs^Efm, Gs, Hhd, Gs, Hh, Gs^Em, Gs^Fms, Gg^Em, Gg, Gs^Vh, Gg^Edb, Wo, Wo, Wo, Wo, Ss, Ds, Gg, Rp, Gg, Gg, Xv, Xv, Xv, Xv, Xv, Xv, Xv
Mm^Xm, Mm^Xm, Xv, Xv, Xv, Xv, Xv, Xv, Xv, Mm^Xm, Mm^Xm, Mm^Xm, Mm^Xm, Mm^Xm, Mm^Xm, Mm^Xm, Mm^Xm, Gg, Gg, Rp, Rp, Gg, Gg^Em, Rr, Gs^Vh, Gg, Gg, Gg^Em, Gs, Gs, Gs, Gs, Gs, Gs^Em, Gs^Fms, Gs, Gs, Gs, Gs, Hh^Fms, Gs, Gs^Fms, Gg, Gg, Gg^Efm, Wo, Wo, Ds, Ds, Wo, Wo, Ds, Rp, Ss, Wo, Gg, Gg, Xv, Xv, Xv, Xv, Xv
Xv, Xv, Xv, Xv, Xv, Xv, Xv, Xv, Xv, Xv, Xv, Mm^Xm, Mm^Xm, Mm^Xm, Mm^Xm, Mm^Xm, Mm^Xm, Gg, Gg, Gs, Gg^Fet, Rp, Rp, Rr, Rr, Gg, Gg, Gg, Gg, Gs, Gg, Gg, Gs^Efm, Gs, Hhd, Gs, Gs, Gs^Efm, Gs^Efm, Hhd, Gs, Gs, Gg, Gg, Gg, Wo, Wo^Ewl, Ds, Ss, Gg, Gg, Wo, Wo, Wo, Gg, Wo, Wo, Gg, Gg, Xv, Xv, Xv
Xv, Xv, Xv, Xv, Xv, Xv, Xv, Xv, Xv, Xv, Xv, Xv, Xv, Mm^Xm, Mm^Xm, Mm^Xm, Mm^Xm, Mm^Xm, Mm^Xm, Gs, Gs, Gg, Gg^Efm, Gg^Efm, Gg, Rr, Gg, Gg, Gg, Gg, Gg, Gg, Gg, Gg, Gg, Gs, Gs, Gs^Fms, Gs, Hhd, Hhd, Gs, Gs^Em, Gg, Gg^Efm, Wo, Wo, Gg, Ss, Gg, Gg, Ss, Rp, Gg, Gg, Gg, Gg^Efm, Wo, Wo, Ms^Xm, Ms^Xm, Xv
Xv, Xv, Xv, Xv, Xv, Xv, Xv, Xv, Xv, Xv, Xv, Xv, Xv, Xv, Xv, Mm^Xm, Mm^Xm, Mm^Xm, Mm^Xm, Gs, Gg, Gg, Gg, Gg, Gg^Dr, Rr, Chr, Chr, Gg, Gg^Dr, Chr, Gg^Em, Chr, Gg, Gg, Gg, Gg, Gs, Gg, Gs, Gs, Gs, Gs, Gg, Gg^Efm, Wo, Wo, Gg, Gg, Gg, Gg, Gg, Rp, Gg, Gg^Efm, Gg, Gg, Gg, Gg, Ms^Xm, Ms^Xm, Xv
Xv, Xv, Xv, Xv, Xv, Xv, Xv, Xv, Xv, Xv, Xv, Xv, Xv, Xv, Xv, Mm^Xm, Mm^Xm, Mm^Xm, Mm^Xm, Gs, Gg, Gg, Chr, Chr, Gg, Rr, Gg, Gg, Gg, Gg, Gg, Chr, Gg, Gg, Gg^Dr, Gg, Gg^Em, Gg, Gg, Gs, Gs, Gs, Gs, Gg, Gg^Edb, Wo, Wo, Gg^Efm, Gg, Gg, Gg, Gg, Rp, Gg, Gll^Fmw, Gg, Gll^Fmw, Gg, Gg, Ms^Xm, Ms^Xm, Xv
Xv, Xv, Xv, Xv, Xv, Xv, Xv, Xv, Xv, Xv, Xv, Xv, Xv, Xv, Xv, Xv, Mm^Xm, Mm^Xm, Mm^Xm, Gg, Chr, Gg^Dr, Gg, Gg, Gg, Rr, Gg, Gg, Gs^Efm, Gs^Efm, Gs, Gg, Gg, Gg, Gg, Chr, Chr, Gg, Gg, Gg, Gg, Gs^Fms, Gg, Gg, Gg, Wo, Wo, Gg, Gd, Gll^Fmw, Gll^Fmw, Gg^Edb, Rp, Gd^Vo, Gd, Gd, Gd, Gg, Ms^Xm, Ms^Xm, Ms^Xm, Gg
Xv, Xv, Xv, Xv, Xv, Xv, Xv, Xv, Xv, Xv, Xv, Xv, Xv, Xv, Xv, Xv, Mm^Xm, Mm^Xm, Mm^Xm, Chr, Gg, Gg, Gg, Gg^Efm, Gg, Rr, Gg, Gg, Gs, Gs, Gs, Gs, Gs, Gg, Gs, Gg, Gg, Gg, Chr, Gg, Gg, Gs^Fms, Gg, Gg, Gg^Edb, Wo, Wo, Gg^Es, Gd, Gd, Gd, Gg, Rp, Gg^Edb, Gd, Gd^Es, Gd^Es, Gd, Gd, Ms^Xm, Ms^Xm, Gg
Xv, Xv, Xv, Xv, Xv, Xv, Xv, Xv, Xv, Xv, Xv, Xv, Xv, Xv, Xv, Xv, Mm^Xm, Mm^Xm, Mm^Xm, Mm^Xm, Mm^Xm, Gg, Gg, Gg^Efm, Gg, Rr, Gg, Gs, Gs, Gs, Gs, Gs, Gs, Gs, Gs, Gs, Gg, Gg, Gg, Chr, Gg, Gg, Gg, Gg, Gg, Wo, Wo^Ewl, Gg^Es, Gd^Edb, Gd, Gd, Gg^Ebn, Rp, Gg, Gg, Gd^Es, Gd^Es, Gd^Es, Gd^Edb, Ms^Xm, Ms^Xm, Gg
Xv, Xv, Xv, Xv, Xv, Xv, Xv, Xv, Xv, Xv, Xv, Xv, Xv, Xv, Xv, Xv, Mm^Xm, Mm^Xm, Mm^Xm, Mm^Xm, Mm^Xm, Gg, Gg, Gs, Gg, Rr, Gg, Gs, Gs, Gs, Gs^Edt, Gs^Es, Gs, Gs, Gs, Gs, Gg, Gg, Gs, Gg, Gg, Chr, Gg, Gg, Gg^Efm, Wo, Wo, Gg, Gd^Vo, Gd^Edb, Gd, Rp, Gg, Gg, Gd, Gd^Es, Gd, Gd^Vo, Ms^Xm, Ms^Xm, Ms^Xm, Gg
Xv, Xv, Xv, Xv, Xv, Xv, Xv, Xv, Xv, Xv, Xv, Xv, Xv, Xv, Xv, Xv, Mm^Xm, Mm^Xm, Mm^Xm, Mm^Xm, Mm^Xm, Mm^Xm, Xoc, Gg, Xoc, Rr, Gg, Gg, Gg, Gs, Gs, Gs, Gs, Gs^Es, Gs^Edt, Gs, Gs^Edt, Gs, Gs, Gs, Gg, Gg, Gg, Gg, Gg, Wo, Wo, Gg, Gd, Gd, Gd, Rp, Gg, Gd, Gd, Gd, Gd, Gd, Ms^Xm, Ms^Xm, Ms^Xm, Gg
Xv, Xv, Xv, Xv, Xv, Xv, Xv, Xv, Xv, Xv, Xv, Xv, Xv, Xv, Xv, Xv, Mm^Xm, Mm^Xm, Mm^Xm, Mm^Xm, Mm^Xm, Rrc, Rr^Vhc, Chr, Rrc, Chr, Chr, Xoc, Xoc, Gg, Gg, Gs, Gs, Gs^Es, Gs, Gs, Gs, Gs, Gs, Gs, Gg, Gg^Dr, Gg, Gg, Gg, Wo, Wo, Gg, Gg, Gd, Gg, Rp, Gg, Gd, Gd, Gd^Es, Gg, Gg^Es, Ms^Xm, Ms^Xm, Ms^Xm, Gg
Xv, Xv, Xv, Xv, Xv, Xv, Xv, Xv, Xv, Xv, Xv, Xv, Xv, Xv, Xv, Xv, Mm^Xm, Mm^Xm, Mm^Xm, Mm^Xm, Mm^Xm, Xoc, Xoc, Rrc, Xoc, Rrc, Rrc, Chr^Es, Chr, Gg, Xoc, Gg, Gg, Gs, Gs^Edt, Gs, Gs, Gs^Efm, Gs, Gg, Gg, Chr, Gg, Gg, Rrc, Xoc, Wwf, Gg, Gg, Gg^Fmw, Gd, Rp^Fmw, Rp, Gg, Gd, Gd^Es, Gd^Fmw, Gg^Es, Ms^Xm, Ms^Xm, Ms^Xm, Gg
Xv, Xv, Xv, Xv, Xv, Xv, Xv, Xv, Xv, Xv, Xv, Xv, Xv, Xv, Mm^Xm, Mm^Xm, Mm^Xm, Mm^Xm, Mm^Xm, Mm^Xm, Mm^Xm, Rrc^Edb, Rrc, Chr^Es, Rrc^Edb, Chr, Xoc, Rrc^Edb, Rrc, Chr^Es, Chr, Xoc, Gg, Gg, Gs, Gs, Gs^Edt, Gs, Gs^Es, Gg, Gg, Chr, Gg, Gg, Rrc, Ch, Wwf, Ch, Rrc, Gd, Gd, Gd^Fmw, Rp, Gg, Gd, Gd^Es, Gd, Gg^Es, Ms^Xm, Ms^Xm, Ms^Xm, Gg
Xv, Xv, Xv, Xv, Xv, Xv, Xv, Xv, Xv, Xv, Xv, Xv, Xv, Mm^Xm, Mm^Xm, Mm^Xm, Xoc, Xoc, Xoc, Mm^Xm, Mm^Xm, Ch, Ch, Rrc, Rrc^Es, Rr^Vhc, Chr, Rrc, Rr^Vhc, Rrc, Chr, Rr, Rr, Gg, Gs, Gs^Edb, Gs, Gs^Edt, Gg, Gg, Gg, Chr, Gg, Gg, Rrc, Xoc, Wwf, Rrc, Rrc, Gd, Gd^Edt, Gd^Edt, Rp, Gg, Gd, Gd^Edt, Gd, Gg^Es, Coa, Ms^Xm, Ms^Xm, Gg
Xv, Xv, Xv, Xv, Xv, Xv, Xv, Xv, Xv, Xv, Xv, Xv, Xv, Mm^Xm, Mm^Xm, Xoc, Ur, Ur, Ur^Edb, Mm^Xm, Ur, Kh, Ch, Ch^Fetd, Rrc, Rrc, Chr, Xoc, Rrc^Edb, Rrc, Chr^Edb, Xoc, Rr, Gg, Rp, Gs, Rp, Rp, Rp, Gg, Rp, Rr, Rr, Rr, Rrc, Rrc, Wo^Bsb\, Ch, Rrc, Gd, Gd, Gd, Rp, Gll^Fdw, Gg, Gd^Edt, Gg, Coa, Coa, Coa, Ms^Xm, Gg
Xv, Xv, Xv, Xv, Xv, Xv, Xv, Xv, Xv, Xv, Xv, Xv, Xv, Mm^Xm, Mm^Xm, Xoc, Ur, Ur^Eb, Ur, Ur, Mm^Xm, Ch, Rr^Vhc, Rrc, Rrc^Edb, Rr^Vhc, Xoc, Rrc^Es, Rrc, Rrc, Chr, Rr, Gg, Rp, Gs^Edt, Rp, Gs, Gs^Edt, Gs, Rp, Gg, Chr, Gg, Gg, Rp^Vhcr, Xoc, Wwf, Rrc, Rrc, Gg^Ebn, Rp, Rp, Gd^Edt, Rp, Rp, Gg, Rp, Coa, Coa, Koa, Ms^Xm, Gg
Xv, Xv, Xv, Xv, Xv, Xv, Xv, Xv, Xv, Xv, Xv, Xv, Xv, Mm^Xm, Mm^Xm, Xoc, Xoc, Ur, Xoc, Mm^Xm, Mm^Xm, Rrc^Edb, Xoc, Chr, Xoc, Chr, Rrc, Rrc^Edb, Chr, Chr^Es, Xoc, Xoc, Gg, Gs, Gs, Gs, Gs^Efm, Gs^Edb, Gs, Gg, Gg, Chr, Gg, Gg, Rrc, Ch, Wwf, Ch, Gg, Rp, Gd, Gd, Gd^Edt, Gll^Fdw, Gd, Rp, Gd, Coa, Coa, Coa, Ms^Xm, Gg
Xv, Xv, Xv, Xv, Xv, Xv, Xv, Xv, Xv, Xv, Xv, Xv, Xv, Mm^Xm, Mm^Xm, Mm^Xm, Mm^Xm, Xoc, Mm^Xm, Mm^Xm, Mm^Xm, Xoc, Rrc^Es, Rrc, Rrc^Edb, Rrc, Chr, Chr^Es, Xoc, Gg, Gg, Gg, Gg, Gs, Gs^Es, Gs, Gs, Gs^Es, Gs^Edt, Gg, Gg, Gg, Gg, Gg^Efm, Gg, Xoc, Wwf, Gg, Gd^Edt, Gd, Gd, Gd, Gd^Es, Gd, Gd^Vo, Rp, Gd, Gd^Edb, Ms^Xm, Ms^Xm, Ms^Xm, Gg
Xv, Xv, Xv, Xv, Xv, Xv, Xv, Xv, Xv, Xv, Xv, Xv, Xv, Mm^Xm, Mm^Xm, Mm^Xm, Mm^Xm, Mm^Xm, Mm^Xm, Mm^Xm, Mm^Xm, Rrc^Es, Xoc, Chr, Xoc, Chr^Es, Gg, Xoc, Gg, Gg, Gs, Gs, Gs, Gs^Edt, Gs, Gs, Gs, Gs, Gs^Edt, Gg, Gg, Chr, Gg, Gg^Efm, Gg, Gg^Efm, Wo, Gg, Gd, Gd^Edt, Gd^Fmw, Gd, Gd, Gd^Ebn, Gd, Rp, Gd, Gd^Edb, Ms^Xm, Ms^Xm, Ms^Xm, Gg
Xv, Xv, Xv, Xv, Xv, Xv, Xv, Xv, Xv, Xv, Xv, Xv, Mm^Xm, Mm^Xm, Mm^Xm, Mm^Xm, Mm^Xm, Mm^Xm, Mm^Xm, Mm^Xm, Mm^Xm, Mm^Xm, Gg, Gg, Gg, Rr, Gg, Gg, Gg, Gg, Gs, Gs^Edt, Gs^Es, Gs, Gs, Gs, Gg, Gs, Gg, Gg, Chr, Gg, Gg, Gg, Gg, Wo, Wo, Gg, Gd, Gd, Gd, Hhd^Vo, Hhd, Gg^Em, Gd, Rp, Gd, Gd^Ebn, Ms^Xm, Ms^Xm, Ms^Xm, Gg
Xv, Xv, Xv, Xv, Xv, Xv, Xv, Xv, Xv, Xv, Mm^Xm, Mm^Xm, Mm^Xm, Mm^Xm, Mm^Xm, Mm^Xm, Mm^Xm, Mm^Xm, Mm^Xm, Mm^Xm, Gg^Es, Gg^Es, Gg^Es, Gg, Rr, Rr, Rr, Gg, Gg, Gs, Gs, Gs, Gg, Gg, Gg, Gg, Gg, Gg, Gg, Chr, Gg, Gg, Wo, Wo, Wo, Wo, Wo, Gg, Gg, Gd^Fmw, Gd, Hhd^Em, Hhd, Gd, Gd, Rp, Gd, Gd^Esd, Ms^Xm, Ms^Xm, Ms^Xm, Gg
Xv, Xv, Xv, Xv, Xv, Xv, Xv, Xv, Mm^Xm, Mm^Xm, Mm^Xm, Mm^Xm, Mm^Xm, Mm^Xm, Mm^Xm, Mm^Xm, Mm^Xm, Mm^Xm, Mm^Xm, Mm^Xm, Gg^Es, Gg, Gg, Rr, Gg, Gg, Gg, Rr, Gg^Edb, Gs, Gs, Gs, Chr, Gg, Gg^Dr, Chr, Chr, Gg^Dr, Wwf, Wwf, Wo, Wo, Wo^Ewl, Wo^Ewl, Gg, Wo, Gg, Gg, Gd, Gd^Fmw, Gd, Hhd, Gd, Gd, Gd, Rp, Gd, Gd^Edb, Ms^Xm, Ms^Xm, Ms^Xm, Gg
Xv, Xv, Xv, Xv, Xv, Xv, Mm^Xm, Mm^Xm, Mm^Xm, Mm^Xm, Hh^Es, Hh^Es, Hh^Es, Mm^Xm, Wwf, Mm^Xm, Mm^Xm, Mm^Xm, Gg^Es, Chr, Chr, Gg, Rr, Rr, Gg, Rp^Vhcr, Gg, Rr, Chr, Gg^Edb, Gg^Edb, Gg, Wo, Chr, Wo, Wo, Wo, Wo, Gg^Es, Gg, Gg, Gg^Efm, Gg, Gg, Gd, Gd, Gd, Gg^Fmw, Gd, Gd, Gd, Gg, Gg, Gg^Em, Gd, Rp, Gd, Gd^Edb, Ms^Xm, Ms^Xm, Ms^Xm, Gg
Xv, Xv, Xv, Xv, Xv, Mm^Xm, Mm^Xm, Mm^Xm, Hh, Hh^Es, Gs^Fds, Hh, Hh, Gg, Wwf, Gg^Es, Gg, Gg, Gg, Gg, Gg, Gg, Rr, Chr, Chr, Gg, Kme, Gg, Wwf, Wo, Ss, Wo, Wo, Wo, Gd, Gg, Gg, Gg, Gg, Gg^Es, Gg, Gg^Em, Gg, Gg, Gg, Gd, Gd, Gg^Fmw, Gd, Gd, Gs^Vc, Gd, Gd, Gd, Rp, Rp, Gd, Gd, Ms^Xm, Ms^Xm, Ms^Xm, Gg
Xv, Xv, Xv, Xv, Xv, Mm^Xm, Mm^Xm, Mm^Xm, Hh, Hh, Hh^Es, Hh, Gg, Gg, Wo, Gg, Gg^Emf, Gg, Gg, Gg, Gg, Gg^Efm, Rr, Gg, Gg, Gg, Wo^Bw|r, Wo, Wo, Wo, Wo, Wo, Hh, Gg, Gd, Gg, Gg, Gg^Es, Gg, Gg, Gd, Gd, Gd, Hhd, Hh^Fdw, Gd, Gd, Gg, Gg, Gd, Gg, Gg, Rp, Rp, Gd^Es, Gd, Gg, Gd, Ms^Xm, Ms^Xm, Ms^Xm, Gg
Xv, Xv, Xv, Xv, Xv, Mm^Xm, Mm^Xm, Mm^Xm, Hh, Hh, Hh^Es, Hh, Gg, Gg, Wo, Gg, Gg, Gs^Vh, Gg, Gg, Gs, Gg^Efm, Rr, Gg, Gg, Wo, Wo, Wo, Wo, Gg, Gg, Hh, Hh^Fdw, Hhd, Gd, Hhd, Hhd, Gd, Hh, Gg, Hh^Em, Gd, Gd, Hhd, Hh^Fdw, Gg^Em, Hh, Hh^Fdw, Hh^Fdw, Gg, Gd, Rp, Gd, Gd, Gd, Gd^Fmw, Gd, Gg, Ms^Xm, Ms^Xm, Ms^Xm, Gg
Xv, Xv, Xv, Xv, Xv, Mm^Xm, Mm^Xm, Hh, Hh, Gs^Fds, Hh, Hh^Es, Gg, Gg, Ss, Wo, Wo, Ss, Ss, Gg, Gs, Gg, Rr, Gg, Gg, Wo^Ewl, Wo, Ss, Wo, Gg, Gg, Hh^Fdw, Hh, Hhd, Gd, Hh^Em, Hh^Fdw, Gd, Gd, Hh^Fdw, Hh^Fds, Hhd, Hhd, Gg, Gd, Gg, Hhd, Hh^Fds, Hh^Fds, Gg^Efm, Gd, Rp, Gd, Gg^Em, Gd^Es, Gd^Es, Gd, Gg^Edb, Ms^Xm, Ms^Xm, Ms^Xm, Gg
Xv, Xv, Xv, Xv, Xv, Mm^Xm, Mm^Xm, Hh, Hh, Hh, Gg, Gg, Gg, Gg, Gg, Ss, Gg, Wo, Wo, Gg, Gg, Gg, Rr, Gg, Gg, Gg, Gg, Wo, Wo, Gg, Gg, Gg, Gg, Gg, Gd, Hh^Es, Hh^Fdw, Hh^Fds, Gd, Hh^Fds, Hh^Fds, Hh^Fds, Hhd, Gd, Hh^Fdw, Hh^Fdw, Hhd, Hh^Fds, Gg^Edb, Gg, Gg, Gd, Gg, Gd, Gd, Gd, Gg, Gg^Edb, Ms^Xm, Ms^Xm, Ms^Xm, Gg
Xv, Xv, Xv, Xv, Xv, Mm^Xm, Mm^Xm, Hh, Hh, Hh, Gg, Hh, Gg, Gg^Vwm, Gg^Gvs, Gg, Gg^Gvs, Gg, Wo, Gg, Gg, Gg, Rr, Gg, Gg^Eff, Gg^Eff, Gg^Eff, Gg^Edb, Wo, Wo, Gg, Hhd, Gg, Hhd, Gd, Hh^Es, Hh^Fds, Hh^Es, Gg, Gd, Gg, Hh, Hhd, Hh^Es, Hh^Fds, Hh, Hhd, Gg, Gg^Edb, Gd, Gg^Edb, Gd, Gll^Fmw, Gd, Gd, Gd, Gd, Gd^Esd, Ms^Xm, Ms^Xm, Ms^Xm, Gg
Xv, Xv, Xv, Xv, Xv, Mm^Xm, Mm^Xm, Hh, Hh, Hh, Gg, Hh^Es, Hh, Gg^Gvs, Gg^Gvs, Gg^Gvs, Gg^Eff, Gg^Eff, Wo, Ss, Rr, Rr, Gg, Rp, Rp, Gs^Vh, Gg^Eff, Gg^Eff, Wo, Wo, Gg, Gg, Gg^Edb, Hhd, Gd, Gd, Hh, Hh, Hh^Fdw, Gd, Hhd, Gg, Gd, Hhd, Hhd, Hh^Fdw, Hhd, Gg, Gd, Gd, Gd, Rp, Gg, Gd, Gd^Fdw, Gd, Gd, Gd^Esd, Ms^Xm, Ms^Xm, Ms^Xm, Gg
Xv, Xv, Xv, Xv, Xv, Mm^Xm, Mm^Xm, Hh, Hh, Hh, Gs^Fds, Gs^Fds, Gg, Hh^Es, Gg, Gg^Eff, Gg, Gg, Rr, Wo^Bw/, Wwf, Gg, Gg, Gg, Gg, Gg, Gg, Gg, Gg, Wo, Wo, Gg, Gg, Gg^Edb, Gg, Gd, Gg, Hh^Fdw, Hh^Fdw, Hh^Fdw, Hh^Fdw, Hhd, Gd, Hhd^Es, Hh^Fdw, Hh^Es, Gg, Gd, Gg, Gd, Gd, Rp, Gg, Gd, Gd, Gd^Fdw, Gd, Gd, Ms^Xm, Ms^Xm, Ms^Xm, Gg
Xv, Xv, Xv, Xv, Xv, Mm^Xm, Mm^Xm, Hh, Gs^Fds, Hh, Gs^Fds, Gg, Hh^Es, Gg, Gg, Gs^Fds, Gs^Fds, Gg, Rr, Gg, Gg, Wo, Gg, Gg, Gg, Gs^Fds, Gs, Gs, Gs^Fds, Gg, Wo^Ewl, Wo, Gg, Gd, Gd, Gd, Gd, Gg, Gg, Hh^Fds, Hh^Fds, Hh, Gd, Hhd, Hh^Fdw, Hh, Gg, Gd, Gs^Fds, Gd^Fdw, Gs^Vc, Rp, Gg, Gd, Gd^Em, Gd^Fdw, Gd^Fdw, Gd^Esd, Ms^Xm, Ms^Xm, Ms^Xm, Gg
Xv, Xv, Xv, Xv, Xv, Mm^Xm, Mm^Xm, Hh, Hh, Hh, Gg, Gg, Gg^Fds, Gg, Gg, Gs^Fds, Gg, Gg, Rr, Gg, Gg^Efm, Wo, Wo, Gg, Gg, Gs^Fds, Gs^Fds, Gg, Gs, Gs^Fds, Gg, Wo, Wo, Gg, Gg, Gd, Gd^Es, Gg, Gg, Gg^Es, Gg^Es, Gg^Fds, Gg, Gg, Gg, Gd, Gg, Gd, Gg, Gd^Fdw, Gd, Rp, Gg, Gd, Gd, Gd^Fdw, Gg, Gd, Ms^Xm, Ms^Xm, Ms^Xm, Xv
Xv, Xv, Xv, Xv, Mm^Xm, Mm^Xm, Hh, Hh, Hh, Hh, Gg, Gg, Gg^Fds, Gg^Fds, Gg^Em, Gg, Gg, Gg, Rr, Gg, Gg, Gg^Efm, Wo, Gg, Gg^Es, Gg^Es, Gs^Fds, Gg, Gg, Gg, Gg^Efm, Wo, Gg, Wo, Wo^Ewl, Gd, Gd, Gg, Gs^Fds, Gg, Gg, Gg, Gd, Gd, Gd, Gs^Fds, Gs^Fds, Gd, Gd, Gd, Gd^Em, Rp, Gg, Gd, Gd, Gd^Fdw, Gg, Gd, Ms^Xm, Ms^Xm, Ms^Xm, Xv
Xv, Xv, Xv, Mm^Xm, Mm^Xm, Mm^Xm, Hh, Gs^Fds, Hh, Hh, Gg, Gg, Gg, Gg^Fds, Gg, Gg^Em, Rr^Vhc, Gg, Rr, Gg, Gs, Gg, Wo, Gg, Gg, Gg, Gg, Gg, Gg^Gvs, Gs^Efm, Gs^Fds, Gg^Efm, Gg, Wo, Wo, Gg, Gg, Gd, Gd, Gd^Fds, Gd^Fds, Gg, Gd, Gd^Em, Gd, Gg, Gg, Gs^Fds, Gd, Gd^Esd, Gd^Em, Rp, Gg, Gd^Fdw, Gd, Gd^Fdw, Gd, Gd^Fdw, Ms^Xm, Ms^Xm, Ms^Xm, Xv
Xv, Xv, Xv, Mm^Xm, Mm^Xm, Hh, Gs^Fds, Gs^Fds, Hh, Hh, Gg, Hh, Hh^Es, Gg, Gg^Eff, Gg^Gvs, Gg^Gvs, Rp, Rr, Gg^Es, Gg^Em, Gg^Fds, Gg, Wo, Wo, Gg, Gs^Fds, Gg^Gvs, Gg^Gvs, Gg^Gvs, Gs^Fds, Gg, Gg, Gg^Es, Wo, Wo, Wo, Gg, Gd, Gd, Gd, Gg, Gg, Gd, Gg, Gs^Fds, Gg^Edb, Gd, Gg, Gd, Gg, Rp, Gg, Gd^Fdw, Gd, Gd^Fdw, Gd, Gd, Ms^Xm, Ms^Xm, Ms^Xm, Xv
Xv, Xv, Xv, Mm^Xm, Mm^Xm, Hh, Hh, Hh, Hh, Hh, Gs^Fds, Gg, Gg, Gg, Gg, Gg^Eff, Gg, Gg, Rr, Gg, Gg, Hh^Em, Gg, Gg, Wo, Gg, Gg, Gs^Fds, Gg, Gg, Gg, Gs^Fds, Gg, Gg, Gg, Wo, Ss, Wo, Gg, Gd, Gd, Gd, Gd, Gs^Fds, Gs^Fds, Gg, Gg^Edb, Gg^Edb, Ce, Gg, Rp, Rp, Gd, Gd, Gd, Gd^Fdw, Gd, Gd, Ms^Xm, Ms^Xm, Xv, Xv
Xv, Xv, Xv, Mm^Xm, Mm^Xm, Hh, Hh, Hh, Gg, Gg, Gg^Eff, Gg, Gg, Gg, Hh^Es, Gg, Gg, Gg^Efm, Rr, Gg^Efm, Gg, Hh, Gg, Gg, Gg, Wwf, Wwf, Gg, Gg, Gg, Gg^Efm, Gg^Efm, Gs^Vh, Gg^Emf, Gg, Wo, Wo, Wo, Ss, Gg, Gd, Gd^Em, Gg, Gg, Gd, Gd, Gd, Ce, Ket, Ce, Gd, Gg^Edb, Gd, Gs^Vc, Gd^Fdw, Gd^Fdw, Gd, Gd, Xv, Xv, Xv, Xv
Xv, Xv, Xv, Mm^Xm, Mm^Xm, Hh, Gg, Gg, Gg, Gg^Eff, Rp^Gvs, Gg^Vwm, Gg^Gvs, Gg^Emf, Gg^Em, Gg, Gg, Gg, Rr, Gg^Efm, Gg, Gg, Gs^Vh, Gg, Gg, Gs^Fms, Gg, Wo, Gg, Gg, Gs^Fds, Gg, Gg, Gg^Emf, Gg, Ss, Wo, Wo, Ss, Gg, Gg, Gd^Em, Gg, Gg, Gg, Gd, Gd, Ce, Gg, Ce, Gd, Gd, Gd, Gd^Fdw, Gd, Gd, Xv, Xv, Xv, Xv, Xv, Xv
Xv, Mm^Xm, Mm^Xm, Mm^Xm, Mm^Xm, Hh, Gg, Gs^Fds, Gs^Fds, Hh, Gg, Gg^Gvs, Gg, Gg^Fds, Gg, Hh^Es, Gg^Es, Gg, Rr, Gg^Efm, Rp, Rp, Gg^Gvs, Gg^Gvs, Gg, Gs^Fms, Gs^Fms, Wo, Wo^Ewl, Gg, Gg, Gs^Fds, Gg^Es, Gg, Ss, Ss, Wo, Wo^Ewl, Gg, Gg, Gg, Gg, Gg, Gg, Gg, Gd, Gg, Gg, Gg, Gd, Gd^Fdw, Gd^Fdw, Gd^Fdw, Gd, Xv, Xv, Xv, Xv, Xv, Xv, Xv, Xv
Wo, Mm^Xm, Mm^Xm, Mm^Xm, Gg^Es, Gg^Es, Gg^Es, Gs^Fds, Gg, Hh^Em, Gg, Hh^Es, Gg, Gg, Gg, Gg, Gg, Gg, Rr, Rp, Gs, Gg, Gg, Gg, Gg, Gs, Hh^Fds, Gg, Gg, Wo, Wo, Gg, Gg, Gg^Es, Ss, Ss, Wo, Wo, Wo, Gg, Gg, Gg, Gs^Vc, Gg, Gg, Gg, Gg, Gg, Gg, Gd, Gd, Gd^Fdw, Xv, Xv, Xv, Xv, Xv, Xv, Xv, Xv, Xv, Xv
Gg, Wo, Gg, Gg, Gg^Es, Gs^Fds, Gg^Es, Gg, Gg, Gg^Em, Gg, Gg, Gg, Gg, Gg, Hh^Fds, Gg, Gg^Efm, Rr, Gs, Gg, Gg, Gg, Hh^Fds, Gg, Gg, Hh^Fds, Gg, Gg^Es, Gg, Gg, Wo, Gg, Gg, Gg, Ss, Gg, Wo, Wo^Ewl, Wo, Gg, Gg, Gg, Gg, Gg, Gg, Gd, Gg, Gg, Gg, Xv, Xv, Xv, Xv, Xv, Xv, Xv, Xv, Xv, Xv, Xv, Xv
Gg, Wo, Wo, Gg, Gg, Gg, Gg, Gg, Gg^Gvs, Gg, Gg, Hh^Es, Gg, Gs^Fds, Gg, Hh, Gg^Es, Gg^Efm, Rr^Efm, Gs, Gg, Gg, Gg, Hh^Es, Gs, Gs^Fds, Gg, Gg, Gg, Gs^Fds, Gs^Fds, Wo, Wo, Ss, Gg, Gg, Gg, Wo, Wo^Ewl, Wo, Gg, Gd^Fdw, Gd^Fdw, Gd, Gd^Fdw, Gd^Fdw, Gg, Gg, Xv, Xv, Xv, Xv, Xv, Xv, Xv, Xv, Xv, Xv, Xv, Xv, Xv, Xv
Gg, Gg^Efm, Gg^Fds, Wo, Wo, Gg, Gg, Gg, Gs^Vl, Gg, Gg, Gg, Gg, Gs^Fds, Gg, Gg, Gg^Es, Gg, Rr, Gg, Gg, Gs^Fds, Gs^Fds, Gg, Gs, Gg, Hh^Em, Gg, Gg, Gg^Es, Gg^Es, Gg, Ss, Wo, Wo, Gg, Wo, Wo, Wo, Wo, Wo, Gg, Gg, Gd^Fdw, Gg, Gd, Xv, Xv, Xv, Xv, Xv, Xv, Xv, Xv, Xv, Xv, Xv, Xv, Xv, Xv, Xv, Xv
Gg, Rr^Vd, Gg, Gg^Fds, Gg^Efm, Wo, Gg, Gg, Gg, Hh, Gs^Fds, Gg, Gg, Gg, Gg, Gg, Gg, Rr, Gg, Gg, Hh^Fds, Gg, Gg, Gg, Gg, Gg^Es, Gg, Gg^Fet, Gg, Gg, Gg, Gg, Gg, Ss, Wo, Wo, Wo, Wo, Gd, Gg, Gg, Wo, Wo, Gg, Xv, Xv, Xv, Xv, Xv, Xv, Xv, Xv, Xv, Xv, Xv, Xv, Xv, Xv, Xv, Xv, Xv, Xv
Gg, Gg^Efm, Gg^Es, Gg^Es, Gg, Wo, Gg, Gg, Gg, Gg, Gg, Hh, Gg^Em, Gg, Hh^Es, Gg, Gg, Rr, Gg, Gg, Gg, Gg, Gg, Hh^Es, Hh, Gg, Gs, Gs^Fms, Gs^Fms, Gg^Es, Gg, Gg, Wo, Wo, Wo^Ewl, Wo, Gg, Gd, Gd^Fdw, Gd^Fdw, Gg, Gg, Xv, Xv, Xv, Xv, Xv, Xv, Xv, Xv, Xv, Xv, Xv, Xv, Xv, Xv, Xv, Xv, Xv, Xv, Xv, Xv
Gg, Gs, Ce, Gg^Es, Gg, Wwf, Gg, Gg, Gg^Fds, Gg, Gg, Gg, Gg, Gg, Gg^Em, Gg, Gg, Rr, Rp, Gg, Gg, Gg, Gg, Gg, Gg, Gg, Gg^Es, Gs^Fms, Gg, Gg, Wo, Wo, Wo, Wo, Ss, Gg, Gg, Gg, Gd^Fdw, Gd^Fdw, Xv, Xv, Xv, Xv, Xv, Xv, Xv, Xv, Xv, Xv, Xv, Xv, Xv, Xv, Xv, Xv, Xv, Xv, Xv, Xv, Xv, Xv
Gg, Gs, Ke, Ce, Gs, Wwf, Gg, Gg, Gg, Gg^Fds, Gg, Gg, Hh^Fds, Gg, Gg^Em, Gg, Rr, Rr, Rp, Rr^Vhc, Gg, Gs, Gg, Gg^Fds, Gg^Fds, Gg, Gg, Gg, Wo, Wo, Wo^Ewl, Wo^Ewl, Ss, Wo, Gg, Gg, Gg, Gg, Xv, Xv, Xv, Xv, Xv, Xv, Xv, Xv, Xv, Xv, Xv, Xv, Xv, Xv, Xv, Xv, Xv, Xv, Xv, Xv, Xv, Xv, Xv, Xv
Gg, Gs, Ce, Ce, Gs, Wwf^Bw\r, Gd, Gg, Gg^Fds, Gg^Fds, Gg, Hh, Hh^Es, Gs^Fds, Gs^Fds, Gg, Rr, Gg, Gg, Hh^Es, Hh, Gs, Gg, Gg^Fds, Gg, Gg, Wo, Wo, Wo, Wo^Ewl, Ss^Ewl, Ss, Gg, Gg, Gg, Gg, Xv, Xv, Xv, Xv, Xv, Xv, Xv, Xv, Xv, Xv, Xv, Xv, Xv, Xv, Xv, Xv, Xv, Xv, Xv, Xv, Xv, Xv, Xv, Xv, Xv, Xv
Gg, Gs, Gg^Efm, Gg^Efm, Ss, Wwf, Gg, Gd, Gg, Gg, Gg, Gg, Gg, Gg, Gg, Rr, Gg, Gg, Gg, Hh, Gg, Gs, Gg, Gg, Wo, Wo, Wo, Wo, Ss, Ss, Gg, Gd, Gd^Fdw, Gd^Fdw, Xv, Xv, Xv, Xv, Xv, Xv, Xv, Xv, Xv, Xv, Xv, Xv, Xv, Xv, Xv, Xv, Xv, Xv, Xv, Xv, Xv, Xv, Xv, Xv, Xv, Xv, Xv, Xv
Gg, Gg, Gg, Ss, Wo, Wo, Gs^Fds, Gd, Gg, Gg, Hh^Es, Gg, Gg, Gg^Efm, Rr, Rr, Gg, Gg, Hh, Gs, Gg, Gg, Wo, Wo, Wo, Wo, Ww^Ewf, Ss, Gg, Gd, Gg, Gg, Xv, Xv, Xv, Xv, Xv, Xv, Xv, Xv, Xv, Xv, Xv, Xv, Xv, Xv, Xv, Xv, Xv, Xv, Xv, Xv, Xv, Xv, Xv, Xv, Xv, Xv, Xv, Xv, Xv, Xv
Gg, Gs^Fds, Wo, Wwf, Gg, Gs^Fds, Gd, Gd, Hh, Hh^Fds, Gg, Gg, Gg, Rr^Vhc, Rr, Gg, Gg, Hh^Es, Gg, Gg, Wo, Wo, Wo^Ewl, Wo^Ewl, Wo^Ewf, Ww^Ewf, Gg, Gg, Gg, Gg, Xv, Xv, Xv, Xv, Xv, Xv, Xv, Xv, Xv, Xv, Xv, Xv, Xv, Xv, Xv, Xv, Xv, Xv, Xv, Xv, Xv, Xv, Xv, Xv, Xv, Xv, Xv, Xv, Xv, Xv, Xv, Xv
Gg, Gg^Es, Wo, Wo, Gg^Efm, Gg, Gd, Hh, Gs^Fds, Gs^Fds, Gg, Gg^Es, Rr, Rr, Gs, Gs, Gg, Gg, Wo, Wo, Wo, Wo^Ewl, Ss, Ss, Gg, Gd, Gg, Gg, Xv, Xv, Xv, Xv, Xv, Xv, Xv, Xv, Xv, Xv, Xv, Xv, Xv, Xv, Xv, Xv, Xv, Xv, Xv, Xv, Xv, Xv, Xv, Xv, Xv, Xv, Xv, Xv, Xv, Xv, Xv, Xv, Xv, Xv
Gg, Wo, Wo, Wo, Gg, Gg, Gd, Gs^Fds, Gg, Gg, Rr, Rr, Gg, Gg, Gg, Gg^Fds, Wo, Wo, Wo^Ewl, Wo, Ss, Ss, Gg, Gd, Gg, Gg, Xv, Xv, Xv, Xv, Xv, Xv, Xv, Xv, Xv, Xv, Xv, Xv, Xv, Xv, Xv, Xv, Xv, Xv, Xv, Xv, Xv, Xv, Xv, Xv, Xv, Xv, Xv, Xv, Xv, Xv, Xv, Xv, Xv, Xv, Xv, Xv
Gg, Ss, Gs, Wwf, Gg, Gg^Fds, Gd, Gg, Rr, Rr, Gg, Gg^Fds, Gg, Gg^Fds, Wo, Wo, Wo, Wo, Wo, Wo, Gg, Gg, Gd^Fdw, Gg, Xv, Xv, Xv, Xv, Xv, Xv, Xv, Xv, Xv, Xv, Xv, Xv, Xv, Xv, Xv, Xv, Xv, Xv, Xv, Xv, Xv, Xv, Xv, Xv, Xv, Xv, Xv, Xv, Xv, Xv, Xv, Xv, Xv, Xv, Xv, Xv, Xv, Xv
Gg, Ss, Wo, Wwf, Gg^Efm, Gg, Rr, Rr, Gg^Emf, Gg, Gg^Efm, Gg^Efm, Wo, Wo, Wo, Wo, Ss, Wo^Ewl, Gd, Gd, Gg, Gd^Fdw, Xv, Xv, Xv, Xv, Xv, Xv, Xv, Xv, Xv, Xv, Xv, Xv, Xv, Xv, Xv, Xv, Xv, Xv, Xv, Xv, Xv, Xv, Xv, Xv, Xv, Xv, Xv, Xv, Xv, Xv, Xv, Xv, Xv, Xv, Xv, Xv, Xv, Xv, Xv, Xv
Gg, Gg, Wo, Gg, Gg, Rr, Rr, Rr^Vhc, Gg, Gg, Wo, Wo, Wo, Wo, Ww^Vm, Ss, Gd, Gg, Gg, Gg, Xv, Xv, Xv, Xv, Xv, Xv, Xv, Xv, Xv, Xv, Xv, Xv, Xv, Xv, Xv, Xv, Xv, Xv, Xv, Xv, Xv, Xv, Xv, Xv, Xv, Xv, Xv, Xv, Xv, Xv, Xv, Xv, Xv, Xv, Xv, Xv, Xv, Xv, Xv, Xv, Xv, Xv
Gg, Wo, Gg, Gg^Fds, Rr, Rr, Gg^Fds, Gg, Wo, Wo, Wo^Ewf, Wo^Ewf, Wo, Wo, Wo, Wo, Gg, Gd^Fdw, Xv, Xv, Xv, Xv, Xv, Xv, Xv, Xv, Xv, Xv, Xv, Xv, Xv, Xv, Xv, Xv, Xv, Xv, Xv, Xv, Xv, Xv, Xv, Xv, Xv, Xv, Xv, Xv, Xv, Xv, Xv, Xv, Xv, Xv, Xv, Xv, Xv, Xv, Xv, Xv, Xv, Xv, Xv, Xv
Gg, Wwf, Chw, Rr, Gg, Gg^Es, Gg^Efm, Wo, Wo, Wo, Wo, Wo, Gd, Gd, Gg, Gg, Xv, Xv, Xv, Xv, Xv, Xv, Xv, Xv, Xv, Xv, Xv, Xv, Xv, Xv, Xv, Xv, Xv, Xv, Xv, Xv, Xv, Xv, Xv, Xv, Xv, Xv, Xv, Xv, Xv, Xv, Xv, Xv, Xv, Xv, Xv, Xv, Xv, Xv, Xv, Xv, Xv, Xv, Xv, Xv, Xv, Xv
Gg, Wwf, Khw, Chw, Chw, Gg, Wwf, Wo, Ww^Ewf, Wo^Ewf, Gg, Gg, Gd^Fdw, Gg, Xv, Xv, Xv, Xv, Xv, Xv, Xv, Xv, Xv, Xv, Xv, Xv, Xv, Xv, Xv, Xv, Xv, Xv, Xv, Xv, Xv, Xv, Xv, Xv, Xv, Xv, Xv, Xv, Xv, Xv, Xv, Xv, Xv, Xv, Xv, Xv, Xv, Xv, Xv, Xv, Xv, Xv, Xv, Xv, Xv, Xv, Xv, Xv
Wwf, Wwf, Chw, Chw, Wwf^Bw|r, Wwf, Ww^Vm, Wo, Wo, Wo, Gg, Gd^Fdw, Xv, Xv, Xv, Xv, Xv, Xv, Xv, Xv, Xv, Xv, Xv, Xv, Xv, Xv, Xv, Xv, Xv, Xv, Xv, Xv, Xv, Xv, Xv, Xv, Xv, Xv, Xv, Xv, Xv, Xv, Xv, Xv, Xv, Xv, Xv, Xv, Xv, Xv, Xv, Xv, Xv, Xv, Xv, Xv, Xv, Xv, Xv, Xv, Xv, Xv
Wwf, Wwf, Wwf^Bw|r, Wwf, Wwf, Wwf, Wo, Wo, Wo, Wo, Gg, Gd^Fdw, Xv, Xv, Xv, Xv, Xv, Xv, Xv, Xv, Xv, Xv, Xv, Xv, Xv, Xv, Xv, Xv, Xv, Xv, Xv, Xv, Xv, Xv, Xv, Xv, Xv, Xv, Xv, Xv, Xv, Xv, Xv, Xv, Xv, Xv, Xv, Xv, Xv, Xv, Xv, Xv, Xv, Xv, Xv, Xv, Xv, Xv, Xv, Xv, Xv, Xv
Gg, Wwf, Wo, Wwf, Wo, Wo, Gg, Gg, Gg, Gg, Xv, Gg, Xv, Xv, Xv, Xv, Xv, Xv, Xv, Xv, Xv, Xv, Xv, Xv, Xv, Xv, Xv, Xv, Xv, Xv, Xv, Xv, Xv, Xv, Xv, Xv, Xv, Xv, Xv, Xv, Xv, Xv, Xv, Xv, Xv, Xv, Xv, Xv, Xv, Xv, Xv, Xv, Xv, Xv, Xv, Xv, Xv, Xv, Xv, Xv, Xv, Xv
"
		[label]
			category=""
			color="221,221,221"
			immutable=yes
			side=0
			team_name=""
			text="Pelargir"
			tooltip=""
			visible_in_fog=yes
			visible_in_shroud=no
			x=2
			y=78
		[/label]
		[label]
			category=""
			color="221,221,221"
			immutable=yes
			side=0
			team_name=""
			text="Las Druadan"
			tooltip=""
			visible_in_fog=yes
			visible_in_shroud=no
			x=7
			y=12
		[/label]
		[label]
			category=""
			color="221,221,221"
			immutable=yes
			side=0
			team_name=""
			text="Lossarnach"
			tooltip=""
			visible_in_fog=yes
			visible_in_shroud=no
			x=16
			y=53
		[/label]
		[label]
			category=""
			color="221,221,221"
			immutable=yes
			side=0
			team_name=""
			text="Anduina"
			tooltip=""
			visible_in_fog=yes
			visible_in_shroud=no
			x=16
			y=72
		[/label]
		[label]
			category=""
			color="221,221,221"
			immutable=yes
			side=0
			team_name=""
			text="Cair Andros"
			tooltip=""
			visible_in_fog=yes
			visible_in_shroud=no
			x=18
			y=3
		[/label]
		[label]
			category=""
			color="221,221,221"
			immutable=yes
			side=0
			team_name=""
			text="Minas Tirith"
			tooltip=""
			visible_in_fog=yes
			visible_in_shroud=no
			x=21
			y=33
		[/label]
		[label]
			category=""
			color="221,221,221"
			immutable=yes
			side=0
			team_name=""
			text="Erui"
			tooltip=""
			visible_in_fog=yes
			visible_in_shroud=no
			x=22
			y=51
		[/label]
		[label]
			category=""
			color="221,221,221"
			immutable=yes
			side=0
			team_name=""
			text="Harlond"
			tooltip=""
			visible_in_fog=yes
			visible_in_shroud=no
			x=26
			y=42
		[/label]
		[label]
			category=""
			color="221,221,221"
			immutable=yes
			side=0
			team_name=""
			text="Anduina"
			tooltip=""
			visible_in_fog=yes
			visible_in_shroud=no
			x=29
			y=47
		[/label]
		[label]
			category=""
			color="221,221,221"
			immutable=yes
			side=0
			team_name=""
			text="Pellenor"
			tooltip=""
			visible_in_fog=yes
			visible_in_shroud=no
			x=35
			y=28
		[/label]
		[label]
			category=""
			color="221,221,221"
			immutable=yes
			side=0
			team_name=""
			text="Emyn Arnen"
			tooltip=""
			visible_in_fog=yes
			visible_in_shroud=no
			x=41
			y=46
		[/label]
		[label]
			category=""
			color="221,221,221"
			immutable=yes
			side=0
			team_name=""
			text="Anduina"
			tooltip=""
			visible_in_fog=yes
			visible_in_shroud=no
			x=46
			y=22
		[/label]
		[label]
			category=""
			color="221,221,221"
			immutable=yes
			side=0
			team_name=""
			text="Osgiliath"
			tooltip=""
			visible_in_fog=yes
			visible_in_shroud=no
			x=46
			y=33
		[/label]
		[label]
			category=""
			color="221,221,221"
			immutable=yes
			side=0
			team_name=""
			text="Obóz Haradrimów"
			tooltip=""
			visible_in_fog=yes
			visible_in_shroud=no
			x=48
			y=56
		[/label]
		[label]
			category=""
			color="221,221,221"
			immutable=yes
			side=0
			team_name=""
			text="Południowe Ithilien"
			tooltip=""
			visible_in_fog=yes
			visible_in_shroud=no
			x=51
			y=49
		[/label]
		[label]
			category=""
			color="221,221,221"
			immutable=yes
			side=0
			team_name=""
			text="Północne Ithilien"
			tooltip=""
			visible_in_fog=yes
			visible_in_shroud=no
			x=54
			y=25
		[/label]
		[label]
			category=""
			color="221,221,221"
			immutable=yes
			side=0
			team_name=""
			text="Minas Morgul"
			tooltip=""
			visible_in_fog=yes
			visible_in_shroud=no
			x=59
			y=34
		[/label]
